        /temps/3IF3.html avec 4 occurences
        /temps/3IF4.html avec 3 occurences
        /temps/choix.gif avec 3 occurences
        /temps/suivant.gif avec 3 occurences
        /temps/3IF17.html avec 2 occurences
        /temps/3IF3.ics avec 2 occurences
        /temps/3IF5.html avec 2 occurences
        /temps/InsaIF.ico avec 2 occurences
        /temps/precedent.gif avec 2 occurences
        /temps/style_emploi_du_temps.css avec 1 occurences