une ou plusieurs des options que vous avez saisies est/sont non valide/s