        /temps/ avec 1 occurences
        /temps/3IF38.html avec 1 occurences
        /temps/4IF16.html avec 1 occurences
        /temps/4IF17.html avec 1 occurences
        /temps/4IF18.html avec 1 occurences
        /temps/4IF19.html avec 1 occurences
        /temps/4IF20.html avec 1 occurences