        /temps/3IF3.html avec 7 occurences
        /temps/3IF16.html avec 5 occurences
        /temps/3IF17.html avec 4 occurences
        /temps/3IF18.html avec 4 occurences
        /temps/3IF5.html avec 3 occurences
        /temps/3IF6.html avec 3 occurences
        /temps/3IF12.html avec 1 occurences
        /temps/3IF14.html avec 1 occurences
        /temps/3IF15.html avec 1 occurences
        /temps/3IF8.html avec 1 occurences