        /temps/3IF3.html avec 4 occurences
        /temps/3IF4.html avec 3 occurences
        /temps/3IF17.html avec 2 occurences
        /temps/3IF3.ics avec 2 occurences
        /temps/3IF5.html avec 2 occurences
        /temps/3IF8.html avec 1 occurences
        /temps/3IF9.html avec 1 occurences
        /temps/4IF39.html avec 1 occurences
        /temps/5IF.ics avec 1 occurences
        /temps/index.html avec 1 occurences